http_interactions:
- request:
    method: get
    uri: http://gni.globalnames.org/name_strings.json?search_term=Cyanistes%20caeruleus
    body:
      encoding: ''
      string: ''
    headers:
      Accept-Encoding: gzip, deflate
      Accept: application/json, text/xml, application/xml, */*
      User-Agent: r-curl/4.3 crul/1.0.0 rOpenSci(taxize/0.9.99)
      X-USER-AGENT: r-curl/4.3 crul/1.0.0 rOpenSci(taxize/0.9.99)
  response:
    status:
      status_code: '200'
      message: OK
      explanation: Request fulfilled, document follows
    headers:
      accept-ranges: bytes
      age: '0'
      cache-control: private, max-age=0, must-revalidate
      connection: keep-alive
      content-length: '4403'
      content-type: application/json; charset=utf-8
      date: Wed, 28 Oct 2020 23:31:15 GMT
      etag: '"358b5837d0da19f194101311937fe6f9"'
      server: nginx/1.8.1
      set-cookie: ''
      status:
      - HTTP/1.1 200 OK
      - 200 OK
      via: 1.1 varnish
      x-runtime: '144'
      x-varnish: '190071009'
    body:
      encoding: UTF-8
      file: no
      string: '{"name_strings":[{"uuid_hex":"88e91191-2617-571d-94ef-bf3fafd32c1e","name":"Cyanistes
        caeruleus","lsid":"urn:lsid:globalnames.org:index:88e91191-2617-571d-94ef-bf3fafd32c1e","resource_uri":"http://gni.globalnames.org/name_strings/4490974.xml","id":4490974},{"uuid_hex":"0a30d388-97d7-5eae-bdf5-0ac3499ecb97","name":"Cyanistes
        caeruleus (Linnaeus) 1758","lsid":"urn:lsid:globalnames.org:index:0a30d388-97d7-5eae-bdf5-0ac3499ecb97","resource_uri":"http://gni.globalnames.org/name_strings/2017480.xml","id":2017480},{"uuid_hex":"7c7c2a0e-2498-5945-95eb-6958d17bdf82","name":"Cyanistes
        caeruleus (Linnaeus, 1758)","lsid":"urn:lsid:globalnames.org:index:7c7c2a0e-2498-5945-95eb-6958d17bdf82","resource_uri":"http://gni.globalnames.org/name_strings/1571500.xml","id":1571500},{"uuid_hex":"40396f30-ff22-5bf7-9268-a79e6a9b997c","name":"Cyanistes
        caeruleus caeruleus","lsid":"urn:lsid:globalnames.org:index:40396f30-ff22-5bf7-9268-a79e6a9b997c","resource_uri":"http://gni.globalnames.org/name_strings/10247635.xml","id":10247635},{"uuid_hex":"dad606c4-619f-57db-b8b7-97bb988ec194","name":"Cyanistes
        caeruleus degener","lsid":"urn:lsid:globalnames.org:index:dad606c4-619f-57db-b8b7-97bb988ec194","resource_uri":"http://gni.globalnames.org/name_strings/21997840.xml","id":21997840},{"uuid_hex":"acc97424-1f87-50b7-9264-51b90f283f76","name":"Cyanistes
        caeruleus obscurus","lsid":"urn:lsid:globalnames.org:index:acc97424-1f87-50b7-9264-51b90f283f76","resource_uri":"http://gni.globalnames.org/name_strings/10247802.xml","id":10247802},{"uuid_hex":"7787ca35-a28a-563d-8e16-acfbd42b62d5","name":"Cyanistes
        caeruleus ogilastrae","lsid":"urn:lsid:globalnames.org:index:7787ca35-a28a-563d-8e16-acfbd42b62d5","resource_uri":"http://gni.globalnames.org/name_strings/21786522.xml","id":21786522},{"uuid_hex":"c000516f-6114-50c7-b85d-f9a97b2904c7","name":"Cyanistes
        caeruleus ombriosus","lsid":"urn:lsid:globalnames.org:index:c000516f-6114-50c7-b85d-f9a97b2904c7","resource_uri":"http://gni.globalnames.org/name_strings/21997841.xml","id":21997841},{"uuid_hex":"4cfff672-b3d8-5129-906a-9dd31cf5c54e","name":"Cyanistes
        caeruleus orientalis Sarudny \u0026 Loudon 1905","lsid":"urn:lsid:globalnames.org:index:4cfff672-b3d8-5129-906a-9dd31cf5c54e","resource_uri":"http://gni.globalnames.org/name_strings/18659752.xml","id":18659752},{"uuid_hex":"0e334f10-74b0-5a5a-b5a0-2396e42674fe","name":"Cyanistes
        caeruleus palmensis","lsid":"urn:lsid:globalnames.org:index:0e334f10-74b0-5a5a-b5a0-2396e42674fe","resource_uri":"http://gni.globalnames.org/name_strings/21997842.xml","id":21997842},{"uuid_hex":"38339df1-122b-5bc2-8796-e06e2267b554","name":"Cyanistes
        caeruleus ssp.","lsid":"urn:lsid:globalnames.org:index:38339df1-122b-5bc2-8796-e06e2267b554","resource_uri":"http://gni.globalnames.org/name_strings/10247804.xml","id":10247804},{"uuid_hex":"42addb96-e8b6-5b0e-ad89-544ffa355306","name":"Cyanistes
        caeruleus teneriffae","lsid":"urn:lsid:globalnames.org:index:42addb96-e8b6-5b0e-ad89-544ffa355306","resource_uri":"http://gni.globalnames.org/name_strings/21997843.xml","id":21997843},{"uuid_hex":"3d0439bd-179b-5422-acd3-4ac109404e4d","name":"Cyanistes
        caeruleus teneriffae (Lesson, 1831)","lsid":"urn:lsid:globalnames.org:index:3d0439bd-179b-5422-acd3-4ac109404e4d","resource_uri":"http://gni.globalnames.org/name_strings/22378981.xml","id":22378981},{"uuid_hex":"129fd7fb-d897-5eae-bd8a-fd605f06830a","name":"Cyanistes
        caeruleus ultramarinus","lsid":"urn:lsid:globalnames.org:index:129fd7fb-d897-5eae-bd8a-fd605f06830a","resource_uri":"http://gni.globalnames.org/name_strings/10247803.xml","id":10247803},{"uuid_hex":"249374ab-7f2c-5e66-9e60-781cc27de4bc","name":"Parus
        (Cyanistes) caeruleus","lsid":"urn:lsid:globalnames.org:index:249374ab-7f2c-5e66-9e60-781cc27de4bc","resource_uri":"http://gni.globalnames.org/name_strings/5860551.xml","id":5860551},{"uuid_hex":"62002dc2-8917-51f4-9fc2-6917872e8431","name":"Parus
        (Cyanistes) caeruleus degener","lsid":"urn:lsid:globalnames.org:index:62002dc2-8917-51f4-9fc2-6917872e8431","resource_uri":"http://gni.globalnames.org/name_strings/5860552.xml","id":5860552},{"uuid_hex":"a1bd75a9-c851-5555-9f9d-daefe89a4462","name":"Parus
        (Cyanistes) caeruleus ultramarinus","lsid":"urn:lsid:globalnames.org:index:a1bd75a9-c851-5555-9f9d-daefe89a4462","resource_uri":"http://gni.globalnames.org/name_strings/5860553.xml","id":5860553}],"name_strings_total":17,"page_number":1,"per_page":30}'
  recorded_at: 2020-10-28 23:31:58 GMT
  recorded_with: vcr/0.5.4, webmockr/0.7.0
- request:
    method: get
    uri: http://gni.globalnames.org/parsers.json?names=Cyanistes%20caeruleus%7CCyanistes%20caeruleus%20%28Linnaeus%29%201758%7CCyanistes%20caeruleus%20%28Linnaeus%2C%201758%29%7CCyanistes%20caeruleus%20caeruleus%7CCyanistes%20caeruleus%20degener%7CCyanistes%20caeruleus%20obscurus%7CCyanistes%20caeruleus%20ogilastrae%7CCyanistes%20caeruleus%20ombriosus%7CCyanistes%20caeruleus%20orientalis%20Sarudny%20%26%20Loudon%201905%7CCyanistes%20caeruleus%20palmensis%7CCyanistes%20caeruleus%20ssp.%7CCyanistes%20caeruleus%20teneriffae%7CCyanistes%20caeruleus%20teneriffae%20%28Lesson%2C%201831%29%7CCyanistes%20caeruleus%20ultramarinus%7CParus%20%28Cyanistes%29%20caeruleus%7CParus%20%28Cyanistes%29%20caeruleus%20degener%7CParus%20%28Cyanistes%29%20caeruleus%20ultramarinus
    body:
      encoding: ''
      string: ''
    headers:
      Accept-Encoding: gzip, deflate
      Accept: application/json, text/xml, application/xml, */*
      User-Agent: r-curl/4.3 crul/1.0.0 rOpenSci(taxize/0.9.99)
      X-USER-AGENT: r-curl/4.3 crul/1.0.0 rOpenSci(taxize/0.9.99)
  response:
    status:
      status_code: '200'
      message: OK
      explanation: Request fulfilled, document follows
    headers:
      accept-ranges: bytes
      age: '0'
      cache-control: private, max-age=0, must-revalidate
      connection: keep-alive
      content-length: '7801'
      content-type: application/json; charset=utf-8
      date: Wed, 28 Oct 2020 23:31:17 GMT
      etag: '"f7147d0694f341c39b146a1dcc7630e2"'
      server: nginx/1.8.1
      set-cookie: ''
      status:
      - HTTP/1.1 200 OK
      - 200 OK
      via: 1.1 varnish
      x-runtime: '643'
      x-varnish: '190071010'
    body:
      encoding: UTF-8
      file: no
      string: |-
        [{"scientificName":{"parsed":true,"parser_version":"3.1.4","verbatim":"Cyanistes caeruleus","normalized":"Cyanistes caeruleus","canonical":"Cyanistes caeruleus","hybrid":false,"details":[{"genus":{"string":"Cyanistes"},"species":{"string":"caeruleus"}}],"parser_run":1,"positions":{"0":["genus",9],"10":["species",19]}}}
        ,
        {"scientificName":{"parsed":true,"parser_version":"3.1.4","verbatim":"Cyanistes caeruleus (Linnaeus) 1758","normalized":"Cyanistes caeruleus (Linnaeus 1758)","canonical":"Cyanistes caeruleus","hybrid":false,"details":[{"genus":{"string":"Cyanistes"},"species":{"string":"caeruleus","authorship":"(Linnaeus) 1758","basionymAuthorTeam":{"author_team":"(Linnaeus) 1758","author":["Linnaeus"],"year":"1758"}}}],"parser_run":1,"positions":{"0":["genus",9],"10":["species",19],"21":["author_word",29],"31":["year",35]}}}
        ,
        {"scientificName":{"parsed":true,"parser_version":"3.1.4","verbatim":"Cyanistes caeruleus (Linnaeus, 1758)","normalized":"Cyanistes caeruleus (Linnaeus 1758)","canonical":"Cyanistes caeruleus","hybrid":false,"details":[{"genus":{"string":"Cyanistes"},"species":{"string":"caeruleus","authorship":"(Linnaeus, 1758)","basionymAuthorTeam":{"authorTeam":"Linnaeus","author":["Linnaeus"],"year":"1758"}}}],"parser_run":1,"positions":{"0":["genus",9],"10":["species",19],"21":["author_word",29],"31":["year",35]}}}
        ,
        {"scientificName":{"parsed":true,"parser_version":"3.1.4","verbatim":"Cyanistes caeruleus caeruleus","normalized":"Cyanistes caeruleus caeruleus","canonical":"Cyanistes caeruleus caeruleus","hybrid":false,"details":[{"genus":{"string":"Cyanistes"},"species":{"string":"caeruleus"},"infraspecies":[{"string":"caeruleus","rank":"n/a"}]}],"parser_run":1,"positions":{"0":["genus",9],"10":["species",19],"20":["infraspecies",29]}}}
        ,
        {"scientificName":{"parsed":true,"parser_version":"3.1.4","verbatim":"Cyanistes caeruleus degener","normalized":"Cyanistes caeruleus degener","canonical":"Cyanistes caeruleus degener","hybrid":false,"details":[{"genus":{"string":"Cyanistes"},"species":{"string":"caeruleus"},"infraspecies":[{"string":"degener","rank":"n/a"}]}],"parser_run":1,"positions":{"0":["genus",9],"10":["species",19],"20":["infraspecies",27]}}}
        ,
        {"scientificName":{"parsed":true,"parser_version":"3.1.4","verbatim":"Cyanistes caeruleus obscurus","normalized":"Cyanistes caeruleus obscurus","canonical":"Cyanistes caeruleus obscurus","hybrid":false,"details":[{"genus":{"string":"Cyanistes"},"species":{"string":"caeruleus"},"infraspecies":[{"string":"obscurus","rank":"n/a"}]}],"parser_run":1,"positions":{"0":["genus",9],"10":["species",19],"20":["infraspecies",28]}}}
        ,
        {"scientificName":{"parsed":true,"parser_version":"3.1.4","verbatim":"Cyanistes caeruleus ogilastrae","normalized":"Cyanistes caeruleus ogilastrae","canonical":"Cyanistes caeruleus ogilastrae","hybrid":false,"details":[{"genus":{"string":"Cyanistes"},"species":{"string":"caeruleus"},"infraspecies":[{"string":"ogilastrae","rank":"n/a"}]}],"parser_run":1,"positions":{"0":["genus",9],"10":["species",19],"20":["infraspecies",30]}}}
        ,
        {"scientificName":{"parsed":true,"parser_version":"3.1.4","verbatim":"Cyanistes caeruleus ombriosus","normalized":"Cyanistes caeruleus ombriosus","canonical":"Cyanistes caeruleus ombriosus","hybrid":false,"details":[{"genus":{"string":"Cyanistes"},"species":{"string":"caeruleus"},"infraspecies":[{"string":"ombriosus","rank":"n/a"}]}],"parser_run":1,"positions":{"0":["genus",9],"10":["species",19],"20":["infraspecies",29]}}}
        ,
        {"scientificName":{"parsed":true,"parser_version":"3.1.4","verbatim":"Cyanistes caeruleus orientalis Sarudny & Loudon 1905","normalized":"Cyanistes caeruleus orientalis Sarudny & Loudon 1905","canonical":"Cyanistes caeruleus orientalis","hybrid":false,"details":[{"genus":{"string":"Cyanistes"},"species":{"string":"caeruleus"},"infraspecies":[{"string":"orientalis","rank":"n/a","authorship":"Sarudny & Loudon 1905","basionymAuthorTeam":{"authorTeam":"Sarudny & Loudon","author":["Sarudny","Loudon"],"year":"1905"}}]}],"parser_run":1,"positions":{"0":["genus",9],"10":["species",19],"20":["infraspecies",30],"31":["author_word",38],"41":["author_word",47],"48":["year",52]}}}
        ,
        {"scientificName":{"parsed":true,"parser_version":"3.1.4","verbatim":"Cyanistes caeruleus palmensis","normalized":"Cyanistes caeruleus palmensis","canonical":"Cyanistes caeruleus palmensis","hybrid":false,"details":[{"genus":{"string":"Cyanistes"},"species":{"string":"caeruleus"},"infraspecies":[{"string":"palmensis","rank":"n/a"}]}],"parser_run":1,"positions":{"0":["genus",9],"10":["species",19],"20":["infraspecies",29]}}}
        ,
        {"scientificName":{"parsed":true,"parser_version":"3.1.4","verbatim":"Cyanistes caeruleus ssp.","normalized":"Cyanistes caeruleus","canonical":"Cyanistes caeruleus","hybrid":false,"details":[{"genus":{"string":"Cyanistes"},"species":{"string":"caeruleus"}}],"parser_run":1,"positions":{"0":["genus",9],"10":["species",19]}}}
        ,
        {"scientificName":{"parsed":true,"parser_version":"3.1.4","verbatim":"Cyanistes caeruleus teneriffae","normalized":"Cyanistes caeruleus teneriffae","canonical":"Cyanistes caeruleus teneriffae","hybrid":false,"details":[{"genus":{"string":"Cyanistes"},"species":{"string":"caeruleus"},"infraspecies":[{"string":"teneriffae","rank":"n/a"}]}],"parser_run":1,"positions":{"0":["genus",9],"10":["species",19],"20":["infraspecies",30]}}}
        ,
        {"scientificName":{"parsed":true,"parser_version":"3.1.4","verbatim":"Cyanistes caeruleus teneriffae (Lesson, 1831)","normalized":"Cyanistes caeruleus teneriffae (Lesson 1831)","canonical":"Cyanistes caeruleus teneriffae","hybrid":false,"details":[{"genus":{"string":"Cyanistes"},"species":{"string":"caeruleus"},"infraspecies":[{"string":"teneriffae","rank":"n/a","authorship":"(Lesson, 1831)","basionymAuthorTeam":{"authorTeam":"Lesson","author":["Lesson"],"year":"1831"}}]}],"parser_run":1,"positions":{"0":["genus",9],"10":["species",19],"20":["infraspecies",30],"32":["author_word",38],"40":["year",44]}}}
        ,
        {"scientificName":{"parsed":true,"parser_version":"3.1.4","verbatim":"Cyanistes caeruleus ultramarinus","normalized":"Cyanistes caeruleus ultramarinus","canonical":"Cyanistes caeruleus ultramarinus","hybrid":false,"details":[{"genus":{"string":"Cyanistes"},"species":{"string":"caeruleus"},"infraspecies":[{"string":"ultramarinus","rank":"n/a"}]}],"parser_run":1,"positions":{"0":["genus",9],"10":["species",19],"20":["infraspecies",32]}}}
        ,
        {"scientificName":{"parsed":true,"parser_version":"3.1.4","verbatim":"Parus (Cyanistes) caeruleus","normalized":"Parus (Cyanistes) caeruleus","canonical":"Parus caeruleus","hybrid":false,"details":[{"genus":{"string":"Parus"},"infragenus":{"string":"Cyanistes"},"species":{"string":"caeruleus"}}],"parser_run":1,"positions":{"0":["genus",5],"7":["infragenus",16],"18":["species",27]}}}
        ,
        {"scientificName":{"parsed":true,"parser_version":"3.1.4","verbatim":"Parus (Cyanistes) caeruleus degener","normalized":"Parus (Cyanistes) caeruleus degener","canonical":"Parus caeruleus degener","hybrid":false,"details":[{"genus":{"string":"Parus"},"infragenus":{"string":"Cyanistes"},"species":{"string":"caeruleus"},"infraspecies":[{"string":"degener","rank":"n/a"}]}],"parser_run":1,"positions":{"0":["genus",5],"7":["infragenus",16],"18":["species",27],"28":["infraspecies",35]}}}
        ,
        {"scientificName":{"parsed":true,"parser_version":"3.1.4","verbatim":"Parus (Cyanistes) caeruleus ultramarinus","normalized":"Parus (Cyanistes) caeruleus ultramarinus","canonical":"Parus caeruleus ultramarinus","hybrid":false,"details":[{"genus":{"string":"Parus"},"infragenus":{"string":"Cyanistes"},"species":{"string":"caeruleus"},"infraspecies":[{"string":"ultramarinus","rank":"n/a"}]}],"parser_run":1,"positions":{"0":["genus",5],"7":["infragenus",16],"18":["species",27],"28":["infraspecies",40]}}}
        ]
  recorded_at: 2020-10-28 23:31:58 GMT
  recorded_with: vcr/0.5.4, webmockr/0.7.0
- request:
    method: get
    uri: http://apiv3.iucnredlist.org/api/v3/species/Cyanistes%20caeruleus?token=<<rredlist_api_token>>
    body:
      encoding: ''
      string: ''
    headers:
      User-Agent: r-curl/4.3 crul/1.0.0 rOpenSci(rredlist/0.6.0)
      Accept-Encoding: gzip, deflate
      Accept: application/json, text/xml, application/xml, */*
  response:
    status:
      status_code: '200'
      message: OK
      explanation: Request fulfilled, document follows
    headers:
      status: HTTP/1.1 200 OK
      server: nginx/1.14.0 (Ubuntu)
      date: Wed, 28 Oct 2020 23:31:19 GMT
      content-type: application/json; charset=utf-8
      content-length: '884'
      connection: keep-alive
      x-powered-by: Sails <sailsjs.org>
      etag: W/"374-gvryzcvjVkyXJIpW3dhp2A"
      vary: Accept-Encoding
      set-cookie: sails.sid=s%3Av1jZm8dTUihO1m9AZmoa50dxbBaeICLD.sWaPXJmyHwQdC6vN6EqXEIxc5GhGTF7OZ7uA%2BSmxPdE;
        Path=/; HttpOnly
    body:
      encoding: UTF-8
      file: no
      string: '{"name":"Cyanistes caeruleus","result":[{"taxonid":103761667,"scientific_name":"Cyanistes
        caeruleus","kingdom":"ANIMALIA","phylum":"CHORDATA","class":"AVES","order":"PASSERIFORMES","family":"PARIDAE","genus":"Cyanistes","main_common_name":"Eurasian
        Blue Tit","authority":"(Linnaeus, 1758)","published_year":2017,"assessment_date":"2016-10-01","category":"LC","criteria":null,"population_trend":"Increasing","marine_system":false,"freshwater_system":false,"terrestrial_system":true,"assessor":"BirdLife
        International","reviewer":"Butchart, S.H.M. & Symes, A.","aoo_km2":null,"eoo_km2":"16600000","elevation_upper":3500,"elevation_lower":null,"depth_upper":null,"depth_lower":null,"errata_flag":null,"errata_reason":null,"amended_flag":true,"amended_reason":"Map
        updated: Added gaps in S &amp; SE Spain (where very scarce). EOO updated.
        Edited Habitats and Ecology Information text."}]}'
  recorded_at: 2020-10-28 23:31:58 GMT
  recorded_with: vcr/0.5.4, webmockr/0.7.0
- request:
    method: get
    uri: http://apiv3.iucnredlist.org/api/v3/species/Cyanistes%20caeruleus?token=<<rredlist_api_token>>
    body:
      encoding: ''
      string: ''
    headers:
      User-Agent: r-curl/4.3 crul/1.0.0 rOpenSci(rredlist/0.6.0)
      Accept-Encoding: gzip, deflate
      Accept: application/json, text/xml, application/xml, */*
  response:
    status:
      status_code: '200'
      message: OK
      explanation: Request fulfilled, document follows
    headers:
      status: HTTP/1.1 200 OK
      server: nginx/1.14.0 (Ubuntu)
      date: Wed, 28 Oct 2020 23:31:19 GMT
      content-type: application/json; charset=utf-8
      content-length: '884'
      connection: keep-alive
      x-powered-by: Sails <sailsjs.org>
      etag: W/"374-gvryzcvjVkyXJIpW3dhp2A"
      vary: Accept-Encoding
      set-cookie: sails.sid=s%3ADC-xLD9p0X0P5VVf8p8c6JOXBtN5mP4n.ewRWP0Q515rkPhanKFrpDzFuqgeQouXPBVuemdZX874;
        Path=/; HttpOnly
    body:
      encoding: UTF-8
      file: no
      string: '{"name":"Cyanistes caeruleus","result":[{"taxonid":103761667,"scientific_name":"Cyanistes
        caeruleus","kingdom":"ANIMALIA","phylum":"CHORDATA","class":"AVES","order":"PASSERIFORMES","family":"PARIDAE","genus":"Cyanistes","main_common_name":"Eurasian
        Blue Tit","authority":"(Linnaeus, 1758)","published_year":2017,"assessment_date":"2016-10-01","category":"LC","criteria":null,"population_trend":"Increasing","marine_system":false,"freshwater_system":false,"terrestrial_system":true,"assessor":"BirdLife
        International","reviewer":"Butchart, S.H.M. & Symes, A.","aoo_km2":null,"eoo_km2":"16600000","elevation_upper":3500,"elevation_lower":null,"depth_upper":null,"depth_lower":null,"errata_flag":null,"errata_reason":null,"amended_flag":true,"amended_reason":"Map
        updated: Added gaps in S &amp; SE Spain (where very scarce). EOO updated.
        Edited Habitats and Ecology Information text."}]}'
  recorded_at: 2020-10-28 23:31:58 GMT
  recorded_with: vcr/0.5.4, webmockr/0.7.0
- request:
    method: get
    uri: http://apiv3.iucnredlist.org/api/v3/species/Cyanistes%20caeruleus?token=<<rredlist_api_token>>
    body:
      encoding: ''
      string: ''
    headers:
      User-Agent: r-curl/4.3 crul/1.0.0 rOpenSci(rredlist/0.6.0)
      Accept-Encoding: gzip, deflate
      Accept: application/json, text/xml, application/xml, */*
  response:
    status:
      status_code: '200'
      message: OK
      explanation: Request fulfilled, document follows
    headers:
      status: HTTP/1.1 200 OK
      server: nginx/1.14.0 (Ubuntu)
      date: Wed, 28 Oct 2020 23:31:21 GMT
      content-type: application/json; charset=utf-8
      content-length: '884'
      connection: keep-alive
      x-powered-by: Sails <sailsjs.org>
      etag: W/"374-gvryzcvjVkyXJIpW3dhp2A"
      vary: Accept-Encoding
      set-cookie: sails.sid=s%3A89WmGbZK5a7i34RHpWFNzfr4_yGb-Kxh.6MVJKboj%2Fgw0GHaH5VHF2ZltSDDFBf9q5E9DXRyx%2B70;
        Path=/; HttpOnly
    body:
      encoding: UTF-8
      file: no
      string: '{"name":"Cyanistes caeruleus","result":[{"taxonid":103761667,"scientific_name":"Cyanistes
        caeruleus","kingdom":"ANIMALIA","phylum":"CHORDATA","class":"AVES","order":"PASSERIFORMES","family":"PARIDAE","genus":"Cyanistes","main_common_name":"Eurasian
        Blue Tit","authority":"(Linnaeus, 1758)","published_year":2017,"assessment_date":"2016-10-01","category":"LC","criteria":null,"population_trend":"Increasing","marine_system":false,"freshwater_system":false,"terrestrial_system":true,"assessor":"BirdLife
        International","reviewer":"Butchart, S.H.M. & Symes, A.","aoo_km2":null,"eoo_km2":"16600000","elevation_upper":3500,"elevation_lower":null,"depth_upper":null,"depth_lower":null,"errata_flag":null,"errata_reason":null,"amended_flag":true,"amended_reason":"Map
        updated: Added gaps in S &amp; SE Spain (where very scarce). EOO updated.
        Edited Habitats and Ecology Information text."}]}'
  recorded_at: 2020-10-28 23:31:58 GMT
  recorded_with: vcr/0.5.4, webmockr/0.7.0
- request:
    method: get
    uri: http://apiv3.iucnredlist.org/api/v3/species/Cyanistes%20caeruleus%20caeruleus?token=<<rredlist_api_token>>
    body:
      encoding: ''
      string: ''
    headers:
      User-Agent: r-curl/4.3 crul/1.0.0 rOpenSci(rredlist/0.6.0)
      Accept-Encoding: gzip, deflate
      Accept: application/json, text/xml, application/xml, */*
  response:
    status:
      status_code: '200'
      message: OK
      explanation: Request fulfilled, document follows
    headers:
      status: HTTP/1.1 200 OK
      server: nginx/1.14.0 (Ubuntu)
      date: Wed, 28 Oct 2020 23:31:23 GMT
      content-type: application/json; charset=utf-8
      content-length: '52'
      connection: keep-alive
      x-powered-by: Sails <sailsjs.org>
      etag: W/"34-OPIjYqQwdQaF0BmAwQnK7g"
      vary: Accept-Encoding
      set-cookie: sails.sid=s%3AisRGqtjjbUFCxxIGmX7tRKpKRhFafK7y.N8uTbkaiaSrsn6d3lY4Vhus1Yp%2FMmhGb6%2Btx4OvFeXA;
        Path=/; HttpOnly
    body:
      encoding: UTF-8
      file: no
      string: '{"name":"Cyanistes caeruleus caeruleus","result":[]}'
  recorded_at: 2020-10-28 23:31:58 GMT
  recorded_with: vcr/0.5.4, webmockr/0.7.0
- request:
    method: get
    uri: http://apiv3.iucnredlist.org/api/v3/species/Cyanistes%20caeruleus%20degener?token=<<rredlist_api_token>>
    body:
      encoding: ''
      string: ''
    headers:
      User-Agent: r-curl/4.3 crul/1.0.0 rOpenSci(rredlist/0.6.0)
      Accept-Encoding: gzip, deflate
      Accept: application/json, text/xml, application/xml, */*
  response:
    status:
      status_code: '200'
      message: OK
      explanation: Request fulfilled, document follows
    headers:
      status: HTTP/1.1 200 OK
      server: nginx/1.14.0 (Ubuntu)
      date: Wed, 28 Oct 2020 23:31:25 GMT
      content-type: application/json; charset=utf-8
      content-length: '50'
      connection: keep-alive
      x-powered-by: Sails <sailsjs.org>
      etag: W/"32-4qtDYzbn85uEjTMzNCxLyQ"
      vary: Accept-Encoding
      set-cookie: sails.sid=s%3Abe4jkyNoD37MqDmJNIQWnd3MsccdA_kB.eGfw88UvZ5No3a8uks5CcY5t78YcSa0lomhB0n5i8q0;
        Path=/; HttpOnly
    body:
      encoding: UTF-8
      file: no
      string: '{"name":"Cyanistes caeruleus degener","result":[]}'
  recorded_at: 2020-10-28 23:31:58 GMT
  recorded_with: vcr/0.5.4, webmockr/0.7.0
- request:
    method: get
    uri: http://apiv3.iucnredlist.org/api/v3/species/Cyanistes%20caeruleus%20obscurus?token=<<rredlist_api_token>>
    body:
      encoding: ''
      string: ''
    headers:
      User-Agent: r-curl/4.3 crul/1.0.0 rOpenSci(rredlist/0.6.0)
      Accept-Encoding: gzip, deflate
      Accept: application/json, text/xml, application/xml, */*
  response:
    status:
      status_code: '200'
      message: OK
      explanation: Request fulfilled, document follows
    headers:
      status: HTTP/1.1 200 OK
      server: nginx/1.14.0 (Ubuntu)
      date: Wed, 28 Oct 2020 23:31:26 GMT
      content-type: application/json; charset=utf-8
      content-length: '51'
      connection: keep-alive
      x-powered-by: Sails <sailsjs.org>
      etag: W/"33-DhucoWfEI71XUInnKVfQiA"
      vary: Accept-Encoding
      set-cookie: sails.sid=s%3AULQIbcHY9FLZsA0McHrBN6-gXxpcfOw8.QrGJ19dMxP83R5WoKu%2BS2HaVZ1sxExIbEWRH5RWhJIE;
        Path=/; HttpOnly
    body:
      encoding: UTF-8
      file: no
      string: '{"name":"Cyanistes caeruleus obscurus","result":[]}'
  recorded_at: 2020-10-28 23:31:58 GMT
  recorded_with: vcr/0.5.4, webmockr/0.7.0
- request:
    method: get
    uri: http://apiv3.iucnredlist.org/api/v3/species/Cyanistes%20caeruleus%20ogilastrae?token=<<rredlist_api_token>>
    body:
      encoding: ''
      string: ''
    headers:
      User-Agent: r-curl/4.3 crul/1.0.0 rOpenSci(rredlist/0.6.0)
      Accept-Encoding: gzip, deflate
      Accept: application/json, text/xml, application/xml, */*
  response:
    status:
      status_code: '200'
      message: OK
      explanation: Request fulfilled, document follows
    headers:
      status: HTTP/1.1 200 OK
      server: nginx/1.14.0 (Ubuntu)
      date: Wed, 28 Oct 2020 23:31:29 GMT
      content-type: application/json; charset=utf-8
      content-length: '53'
      connection: keep-alive
      x-powered-by: Sails <sailsjs.org>
      etag: W/"35-GoKkXpPmWwbwbbLYINd0iA"
      vary: Accept-Encoding
      set-cookie: sails.sid=s%3AYDQH8_inzvki450in5v5l9_b-YINMiY3.sO3VhlHnFymUWUeFGaSRPpmLAPDS3FPHtsBdxnpgldI;
        Path=/; HttpOnly
    body:
      encoding: UTF-8
      file: no
      string: '{"name":"Cyanistes caeruleus ogilastrae","result":[]}'
  recorded_at: 2020-10-28 23:31:58 GMT
  recorded_with: vcr/0.5.4, webmockr/0.7.0
- request:
    method: get
    uri: http://apiv3.iucnredlist.org/api/v3/species/Cyanistes%20caeruleus%20ombriosus?token=<<rredlist_api_token>>
    body:
      encoding: ''
      string: ''
    headers:
      User-Agent: r-curl/4.3 crul/1.0.0 rOpenSci(rredlist/0.6.0)
      Accept-Encoding: gzip, deflate
      Accept: application/json, text/xml, application/xml, */*
  response:
    status:
      status_code: '200'
      message: OK
      explanation: Request fulfilled, document follows
    headers:
      status: HTTP/1.1 200 OK
      server: nginx/1.14.0 (Ubuntu)
      date: Wed, 28 Oct 2020 23:31:31 GMT
      content-type: application/json; charset=utf-8
      content-length: '52'
      connection: keep-alive
      x-powered-by: Sails <sailsjs.org>
      etag: W/"34-lCuWQU6IBnCMkcpUiy9u5Q"
      vary: Accept-Encoding
      set-cookie: sails.sid=s%3AfRimP7_RhpESeBVI_sVkBi5kjSeqRDfB.g189uj%2FtjJutYYJ6w9CJZRIU%2BKI0%2FZ5oLD5Aof2mggI;
        Path=/; HttpOnly
    body:
      encoding: UTF-8
      file: no
      string: '{"name":"Cyanistes caeruleus ombriosus","result":[]}'
  recorded_at: 2020-10-28 23:31:58 GMT
  recorded_with: vcr/0.5.4, webmockr/0.7.0
- request:
    method: get
    uri: http://apiv3.iucnredlist.org/api/v3/species/Cyanistes%20caeruleus%20orientalis?token=<<rredlist_api_token>>
    body:
      encoding: ''
      string: ''
    headers:
      User-Agent: r-curl/4.3 crul/1.0.0 rOpenSci(rredlist/0.6.0)
      Accept-Encoding: gzip, deflate
      Accept: application/json, text/xml, application/xml, */*
  response:
    status:
      status_code: '200'
      message: OK
      explanation: Request fulfilled, document follows
    headers:
      status: HTTP/1.1 200 OK
      server: nginx/1.14.0 (Ubuntu)
      date: Wed, 28 Oct 2020 23:31:33 GMT
      content-type: application/json; charset=utf-8
      content-length: '53'
      connection: keep-alive
      x-powered-by: Sails <sailsjs.org>
      etag: W/"35-denQMcVOQFVjlxKXOITBRQ"
      vary: Accept-Encoding
      set-cookie: sails.sid=s%3AEuZM5Wl7HSaMq3Iad8uur3UsRb3OmuST.AjaGuTT%2FCHWIptmisrLiypIxtJixo7Goln8B0pbDTGw;
        Path=/; HttpOnly
    body:
      encoding: UTF-8
      file: no
      string: '{"name":"Cyanistes caeruleus orientalis","result":[]}'
  recorded_at: 2020-10-28 23:31:58 GMT
  recorded_with: vcr/0.5.4, webmockr/0.7.0
- request:
    method: get
    uri: http://apiv3.iucnredlist.org/api/v3/species/Cyanistes%20caeruleus%20palmensis?token=<<rredlist_api_token>>
    body:
      encoding: ''
      string: ''
    headers:
      User-Agent: r-curl/4.3 crul/1.0.0 rOpenSci(rredlist/0.6.0)
      Accept-Encoding: gzip, deflate
      Accept: application/json, text/xml, application/xml, */*
  response:
    status:
      status_code: '200'
      message: OK
      explanation: Request fulfilled, document follows
    headers:
      status: HTTP/1.1 200 OK
      server: nginx/1.14.0 (Ubuntu)
      date: Wed, 28 Oct 2020 23:31:36 GMT
      content-type: application/json; charset=utf-8
      content-length: '52'
      connection: keep-alive
      x-powered-by: Sails <sailsjs.org>
      etag: W/"34-/4lOc7jgSUGJ+xVQ30ZljA"
      vary: Accept-Encoding
      set-cookie: sails.sid=s%3AvRHSItiQvRH5NxMviO7ffpiIecBwtVhx.XZkGvksWR60gFYx2vWoBKlcjKGAKIK4Rcw8CMtYd7dI;
        Path=/; HttpOnly
    body:
      encoding: UTF-8
      file: no
      string: '{"name":"Cyanistes caeruleus palmensis","result":[]}'
  recorded_at: 2020-10-28 23:31:58 GMT
  recorded_with: vcr/0.5.4, webmockr/0.7.0
- request:
    method: get
    uri: http://apiv3.iucnredlist.org/api/v3/species/Cyanistes%20caeruleus?token=<<rredlist_api_token>>
    body:
      encoding: ''
      string: ''
    headers:
      User-Agent: r-curl/4.3 crul/1.0.0 rOpenSci(rredlist/0.6.0)
      Accept-Encoding: gzip, deflate
      Accept: application/json, text/xml, application/xml, */*
  response:
    status:
      status_code: '200'
      message: OK
      explanation: Request fulfilled, document follows
    headers:
      status: HTTP/1.1 200 OK
      server: nginx/1.14.0 (Ubuntu)
      date: Wed, 28 Oct 2020 23:31:37 GMT
      content-type: application/json; charset=utf-8
      content-length: '884'
      connection: keep-alive
      x-powered-by: Sails <sailsjs.org>
      etag: W/"374-gvryzcvjVkyXJIpW3dhp2A"
      vary: Accept-Encoding
      set-cookie: sails.sid=s%3AV7YkC9ec4UQneK1Wwx77UJBWzRFbtJdv.bSBMqHc3rTrLl3kaAnP%2Fg2A0NR5%2BIxcPpBZ8hoS2E%2BU;
        Path=/; HttpOnly
    body:
      encoding: UTF-8
      file: no
      string: '{"name":"Cyanistes caeruleus","result":[{"taxonid":103761667,"scientific_name":"Cyanistes
        caeruleus","kingdom":"ANIMALIA","phylum":"CHORDATA","class":"AVES","order":"PASSERIFORMES","family":"PARIDAE","genus":"Cyanistes","main_common_name":"Eurasian
        Blue Tit","authority":"(Linnaeus, 1758)","published_year":2017,"assessment_date":"2016-10-01","category":"LC","criteria":null,"population_trend":"Increasing","marine_system":false,"freshwater_system":false,"terrestrial_system":true,"assessor":"BirdLife
        International","reviewer":"Butchart, S.H.M. & Symes, A.","aoo_km2":null,"eoo_km2":"16600000","elevation_upper":3500,"elevation_lower":null,"depth_upper":null,"depth_lower":null,"errata_flag":null,"errata_reason":null,"amended_flag":true,"amended_reason":"Map
        updated: Added gaps in S &amp; SE Spain (where very scarce). EOO updated.
        Edited Habitats and Ecology Information text."}]}'
  recorded_at: 2020-10-28 23:31:58 GMT
  recorded_with: vcr/0.5.4, webmockr/0.7.0
- request:
    method: get
    uri: http://apiv3.iucnredlist.org/api/v3/species/Cyanistes%20caeruleus%20teneriffae?token=<<rredlist_api_token>>
    body:
      encoding: ''
      string: ''
    headers:
      User-Agent: r-curl/4.3 crul/1.0.0 rOpenSci(rredlist/0.6.0)
      Accept-Encoding: gzip, deflate
      Accept: application/json, text/xml, application/xml, */*
  response:
    status:
      status_code: '200'
      message: OK
      explanation: Request fulfilled, document follows
    headers:
      status: HTTP/1.1 200 OK
      server: nginx/1.14.0 (Ubuntu)
      date: Wed, 28 Oct 2020 23:31:39 GMT
      content-type: application/json; charset=utf-8
      content-length: '53'
      connection: keep-alive
      x-powered-by: Sails <sailsjs.org>
      etag: W/"35-07+c2MMemSgWPaVLr8yF4Q"
      vary: Accept-Encoding
      set-cookie: sails.sid=s%3AEtXuOVHD3dJk8JLhkvK-pLTtFlkpkkP5.phYGwerVMevHBo2NpiL8KvGGOvLWB%2Fm40vlU2J1eMKQ;
        Path=/; HttpOnly
    body:
      encoding: UTF-8
      file: no
      string: '{"name":"Cyanistes caeruleus teneriffae","result":[]}'
  recorded_at: 2020-10-28 23:31:58 GMT
  recorded_with: vcr/0.5.4, webmockr/0.7.0
- request:
    method: get
    uri: http://apiv3.iucnredlist.org/api/v3/species/Cyanistes%20caeruleus%20teneriffae?token=<<rredlist_api_token>>
    body:
      encoding: ''
      string: ''
    headers:
      User-Agent: r-curl/4.3 crul/1.0.0 rOpenSci(rredlist/0.6.0)
      Accept-Encoding: gzip, deflate
      Accept: application/json, text/xml, application/xml, */*
  response:
    status:
      status_code: '200'
      message: OK
      explanation: Request fulfilled, document follows
    headers:
      status: HTTP/1.1 200 OK
      server: nginx/1.14.0 (Ubuntu)
      date: Wed, 28 Oct 2020 23:31:40 GMT
      content-type: application/json; charset=utf-8
      content-length: '53'
      connection: keep-alive
      x-powered-by: Sails <sailsjs.org>
      etag: W/"35-07+c2MMemSgWPaVLr8yF4Q"
      vary: Accept-Encoding
      set-cookie: sails.sid=s%3A6W4kZX2OwX8Q-9rhexf23cfTBYRaP26m.SupVkJVhvV5d6HFi5ve4Ilu2LoxmJ8mmeCnwUTKesbY;
        Path=/; HttpOnly
    body:
      encoding: UTF-8
      file: no
      string: '{"name":"Cyanistes caeruleus teneriffae","result":[]}'
  recorded_at: 2020-10-28 23:31:58 GMT
  recorded_with: vcr/0.5.4, webmockr/0.7.0
- request:
    method: get
    uri: http://apiv3.iucnredlist.org/api/v3/species/Cyanistes%20caeruleus%20ultramarinus?token=<<rredlist_api_token>>
    body:
      encoding: ''
      string: ''
    headers:
      User-Agent: r-curl/4.3 crul/1.0.0 rOpenSci(rredlist/0.6.0)
      Accept-Encoding: gzip, deflate
      Accept: application/json, text/xml, application/xml, */*
  response:
    status:
      status_code: '200'
      message: OK
      explanation: Request fulfilled, document follows
    headers:
      status: HTTP/1.1 200 OK
      server: nginx/1.14.0 (Ubuntu)
      date: Wed, 28 Oct 2020 23:31:42 GMT
      content-type: application/json; charset=utf-8
      content-length: '55'
      connection: keep-alive
      x-powered-by: Sails <sailsjs.org>
      etag: W/"37-bxJhdgbL9O980Y4pAudGxQ"
      vary: Accept-Encoding
      set-cookie: sails.sid=s%3AuJdorpNW1-seJuheot8Cs1ypkXp1TmgS.F66flHa0PRQUbCMcS3eDZ8M%2FzeD43Tpuy7Sgl%2BgkhSU;
        Path=/; HttpOnly
    body:
      encoding: UTF-8
      file: no
      string: '{"name":"Cyanistes caeruleus ultramarinus","result":[]}'
  recorded_at: 2020-10-28 23:31:58 GMT
  recorded_with: vcr/0.5.4, webmockr/0.7.0
- request:
    method: get
    uri: http://apiv3.iucnredlist.org/api/v3/species/Parus%20caeruleus?token=<<rredlist_api_token>>
    body:
      encoding: ''
      string: ''
    headers:
      User-Agent: r-curl/4.3 crul/1.0.0 rOpenSci(rredlist/0.6.0)
      Accept-Encoding: gzip, deflate
      Accept: application/json, text/xml, application/xml, */*
  response:
    status:
      status_code: '200'
      message: OK
      explanation: Request fulfilled, document follows
    headers:
      status: HTTP/1.1 200 OK
      server: nginx/1.14.0 (Ubuntu)
      date: Wed, 28 Oct 2020 23:31:44 GMT
      content-type: application/json; charset=utf-8
      content-length: '41'
      connection: keep-alive
      x-powered-by: Sails <sailsjs.org>
      etag: W/"29-b114n92smJXNRZtfeMArdw"
      vary: Accept-Encoding
      set-cookie: sails.sid=s%3AHaP-J6q9n-x6_HFhCqKGrODqduxWd7UI.4baLdQhPwg5CZ7quw5vIsu6jFFgcJwC3zmasphC4c9E;
        Path=/; HttpOnly
    body:
      encoding: UTF-8
      file: no
      string: '{"value":"0","species":"Parus caeruleus"}'
  recorded_at: 2020-10-28 23:31:58 GMT
  recorded_with: vcr/0.5.4, webmockr/0.7.0
- request:
    method: get
    uri: http://apiv3.iucnredlist.org/api/v3/species/Parus%20caeruleus%20degener?token=<<rredlist_api_token>>
    body:
      encoding: ''
      string: ''
    headers:
      User-Agent: r-curl/4.3 crul/1.0.0 rOpenSci(rredlist/0.6.0)
      Accept-Encoding: gzip, deflate
      Accept: application/json, text/xml, application/xml, */*
  response:
    status:
      status_code: '200'
      message: OK
      explanation: Request fulfilled, document follows
    headers:
      status: HTTP/1.1 200 OK
      server: nginx/1.14.0 (Ubuntu)
      date: Wed, 28 Oct 2020 23:31:46 GMT
      content-type: application/json; charset=utf-8
      content-length: '46'
      connection: keep-alive
      x-powered-by: Sails <sailsjs.org>
      etag: W/"2e-qPLVsWk947Li62xJlzJ+hg"
      vary: Accept-Encoding
      set-cookie: sails.sid=s%3AyipwQIV17AvwSNxWN9qGXIuyfvdlFp1B.qnsAKCX%2FucxNLbAyyLDzU391VWwTqn%2FiKTpqfAEa3q4;
        Path=/; HttpOnly
    body:
      encoding: UTF-8
      file: no
      string: '{"name":"Parus caeruleus degener","result":[]}'
  recorded_at: 2020-10-28 23:31:58 GMT
  recorded_with: vcr/0.5.4, webmockr/0.7.0
- request:
    method: get
    uri: http://apiv3.iucnredlist.org/api/v3/species/Parus%20caeruleus%20ultramarinus?token=<<rredlist_api_token>>
    body:
      encoding: ''
      string: ''
    headers:
      User-Agent: r-curl/4.3 crul/1.0.0 rOpenSci(rredlist/0.6.0)
      Accept-Encoding: gzip, deflate
      Accept: application/json, text/xml, application/xml, */*
  response:
    status:
      status_code: '200'
      message: OK
      explanation: Request fulfilled, document follows
    headers:
      status: HTTP/1.1 200 OK
      server: nginx/1.14.0 (Ubuntu)
      date: Wed, 28 Oct 2020 23:31:48 GMT
      content-type: application/json; charset=utf-8
      content-length: '51'
      connection: keep-alive
      x-powered-by: Sails <sailsjs.org>
      etag: W/"33-jM/xgMq4WkOIBUHp2ydyFg"
      vary: Accept-Encoding
      set-cookie: sails.sid=s%3ALYElrMK2_2g5Zt9aguGvVCuJPXoVUdES.OLylW2buvwPiC8w4SxG9S8wfz3WXXA%2BwzfZRTNUyM9g;
        Path=/; HttpOnly
    body:
      encoding: UTF-8
      file: no
      string: '{"name":"Parus caeruleus ultramarinus","result":[]}'
  recorded_at: 2020-10-28 23:31:58 GMT
  recorded_with: vcr/0.5.4, webmockr/0.7.0
- request:
    method: get
    uri: http://apiv3.iucnredlist.org/api/v3/species/id/103761667?token=<<rredlist_api_token>>
    body:
      encoding: ''
      string: ''
    headers:
      User-Agent: r-curl/4.3 crul/1.0.0 rOpenSci(rredlist/0.6.0)
      Accept-Encoding: gzip, deflate
      Accept: application/json, text/xml, application/xml, */*
  response:
    status:
      status_code: '200'
      message: OK
      explanation: Request fulfilled, document follows
    headers:
      status: HTTP/1.1 200 OK
      server: nginx/1.14.0 (Ubuntu)
      date: Wed, 28 Oct 2020 23:31:48 GMT
      content-type: application/json; charset=utf-8
      content-length: '874'
      connection: keep-alive
      x-powered-by: Sails <sailsjs.org>
      etag: W/"36a-fM9l81TzZKj7ECGDSzHU4w"
      vary: Accept-Encoding
      set-cookie: sails.sid=s%3AeoFZpelzWlXWOE-52ZIEaLbqGKR-7pQn.05lBRS%2B1EF9VbC9iXT8jLC5SkotI5gDf%2FXl4EUGLz%2BE;
        Path=/; HttpOnly
    body:
      encoding: UTF-8
      file: no
      string: '{"name":"103761667","result":[{"taxonid":103761667,"scientific_name":"Cyanistes
        caeruleus","kingdom":"ANIMALIA","phylum":"CHORDATA","class":"AVES","order":"PASSERIFORMES","family":"PARIDAE","genus":"Cyanistes","main_common_name":"Eurasian
        Blue Tit","authority":"(Linnaeus, 1758)","published_year":2017,"assessment_date":"2016-10-01","category":"LC","criteria":null,"population_trend":"Increasing","marine_system":false,"freshwater_system":false,"terrestrial_system":true,"assessor":"BirdLife
        International","reviewer":"Butchart, S.H.M. & Symes, A.","aoo_km2":null,"eoo_km2":"16600000","elevation_upper":3500,"elevation_lower":null,"depth_upper":null,"depth_lower":null,"errata_flag":null,"errata_reason":null,"amended_flag":true,"amended_reason":"Map
        updated: Added gaps in S &amp; SE Spain (where very scarce). EOO updated.
        Edited Habitats and Ecology Information text."}]}'
  recorded_at: 2020-10-28 23:31:58 GMT
  recorded_with: vcr/0.5.4, webmockr/0.7.0
- request:
    method: get
    uri: http://apiv3.iucnredlist.org/api/v3/species/history/id/103761667?token=<<rredlist_api_token>>
    body:
      encoding: ''
      string: ''
    headers:
      User-Agent: r-curl/4.3 crul/1.0.0 rOpenSci(rredlist/0.6.0)
      Accept-Encoding: gzip, deflate
      Accept: application/json, text/xml, application/xml, */*
  response:
    status:
      status_code: '200'
      message: OK
      explanation: Request fulfilled, document follows
    headers:
      status: HTTP/1.1 200 OK
      server: nginx/1.14.0 (Ubuntu)
      date: Wed, 28 Oct 2020 23:31:48 GMT
      content-type: application/json; charset=utf-8
      content-length: '86'
      connection: keep-alive
      x-powered-by: Sails <sailsjs.org>
      etag: W/"56-Q8L5AAOsMHZPsyzMjGnbOA"
      vary: Accept-Encoding
      set-cookie: sails.sid=s%3AckDBfPBp4Ci8JDqEagl5M9iw_WTBhhhm.VxLQEul1EqXWylopXOe2WKvIOvQSRjTvVS4Au5coCdc;
        Path=/; HttpOnly
    body:
      encoding: UTF-8
      file: no
      string: '{"name":"103761667","result":[{"year":"2016","code":"LC","category":"Least
        Concern"}]}'
  recorded_at: 2020-10-28 23:31:58 GMT
  recorded_with: vcr/0.5.4, webmockr/0.7.0
- request:
    method: get
    uri: http://apiv3.iucnredlist.org/api/v3/species/countries/id/103761667?token=<<rredlist_api_token>>
    body:
      encoding: ''
      string: ''
    headers:
      User-Agent: r-curl/4.3 crul/1.0.0 rOpenSci(rredlist/0.6.0)
      Accept-Encoding: gzip, deflate
      Accept: application/json, text/xml, application/xml, */*
  response:
    status:
      status_code: '200'
      message: OK
      explanation: Request fulfilled, document follows
    headers:
      status: HTTP/1.1 200 OK
      server: nginx/1.14.0 (Ubuntu)
      date: Wed, 28 Oct 2020 23:31:50 GMT
      content-type: application/json; charset=utf-8
      transfer-encoding: chunked
      connection: keep-alive
      x-powered-by: Sails <sailsjs.org>
      etag: W/"14a3-dYhmhipJKyunnmZFN4JiLA"
      vary: Accept-Encoding
      content-encoding: gzip
      set-cookie: sails.sid=s%3A3OKZu98_xcZ3WA4hHSazEWQWJ_Uldcm_.7LJNZWwh4zyJbo7q9LcAyOtyFwMzx%2FyBQLPyvZB%2F6bg;
        Path=/; HttpOnly
    body:
      encoding: UTF-8
      file: no
      string: '{"name":"103761667","count":51,"result":[{"code":"AD","country":"Andorra","presence":"Extant","origin":"Native","distribution_code":"Native"},{"code":"AL","country":"Albania","presence":"Extant","origin":"Native","distribution_code":"Native"},{"code":"AM","country":"Armenia","presence":"Extant","origin":"Native","distribution_code":"Native"},{"code":"AT","country":"Austria","presence":"Extant","origin":"Native","distribution_code":"Native"},{"code":"AZ","country":"Azerbaijan","presence":"Extant","origin":"Native","distribution_code":"Native"},{"code":"BA","country":"Bosnia
        and Herzegovina","presence":"Extant","origin":"Native","distribution_code":"Native"},{"code":"BE","country":"Belgium","presence":"Extant","origin":"Native","distribution_code":"Native"},{"code":"BG","country":"Bulgaria","presence":"Extant","origin":"Native","distribution_code":"Native"},{"code":"BY","country":"Belarus","presence":"Extant","origin":"Native","distribution_code":"Native"},{"code":"CH","country":"Switzerland","presence":"Extant","origin":"Native","distribution_code":"Native"},{"code":"CZ","country":"Czechia","presence":"Extant","origin":"Native","distribution_code":"Native"},{"code":"DE","country":"Germany","presence":"Extant","origin":"Native","distribution_code":"Native"},{"code":"DK","country":"Denmark","presence":"Extant","origin":"Native","distribution_code":"Native"},{"code":"EE","country":"Estonia","presence":"Extant","origin":"Native","distribution_code":"Native"},{"code":"ES","country":"Spain","presence":"Extant","origin":"Native","distribution_code":"Native"},{"code":"FI","country":"Finland","presence":"Extant","origin":"Native","distribution_code":"Native"},{"code":"FR","country":"France","presence":"Extant","origin":"Native","distribution_code":"Native"},{"code":"GB","country":"United
        Kingdom","presence":"Extant","origin":"Native","distribution_code":"Native"},{"code":"GE","country":"Georgia","presence":"Extant","origin":"Native","distribution_code":"Native"},{"code":"GI","country":"Gibraltar","presence":"Extant","origin":"Native","distribution_code":"Native"},{"code":"GR","country":"Greece","presence":"Extant","origin":"Native","distribution_code":"Native"},{"code":"HR","country":"Croatia","presence":"Extant","origin":"Native","distribution_code":"Native"},{"code":"HU","country":"Hungary","presence":"Extant","origin":"Native","distribution_code":"Native"},{"code":"IE","country":"Ireland","presence":"Extant","origin":"Native","distribution_code":"Native"},{"code":"IQ","country":"Iraq","presence":"Extant","origin":"Native","distribution_code":"Native"},{"code":"IR","country":"Iran,
        Islamic Republic of","presence":"Extant","origin":"Native","distribution_code":"Native"},{"code":"IT","country":"Italy","presence":"Extant","origin":"Native","distribution_code":"Native"},{"code":"JO","country":"Jordan","presence":"Extant","origin":"Native","distribution_code":"Native"},{"code":"KZ","country":"Kazakhstan","presence":"Extant","origin":"Native","distribution_code":"Native"},{"code":"LB","country":"Lebanon","presence":"Extant","origin":"Native","distribution_code":"Native"},{"code":"LI","country":"Liechtenstein","presence":"Extant","origin":"Native","distribution_code":"Native"},{"code":"LT","country":"Lithuania","presence":"Extant","origin":"Native","distribution_code":"Native"},{"code":"LU","country":"Luxembourg","presence":"Extant","origin":"Native","distribution_code":"Native"},{"code":"LV","country":"Latvia","presence":"Extant","origin":"Native","distribution_code":"Native"},{"code":"MD","country":"Moldova","presence":"Extant","origin":"Native","distribution_code":"Native"},{"code":"ME","country":"Montenegro","presence":"Extant","origin":"Native","distribution_code":"Native"},{"code":"MK","country":"North
        Macedonia","presence":"Extant","origin":"Native","distribution_code":"Native"},{"code":"MT","country":"Malta","presence":"Extant","origin":"Vagrant","distribution_code":"Vagrant"},{"code":"NL","country":"Netherlands","presence":"Extant","origin":"Native","distribution_code":"Native"},{"code":"NO","country":"Norway","presence":"Extant","origin":"Native","distribution_code":"Native"},{"code":"PL","country":"Poland","presence":"Extant","origin":"Native","distribution_code":"Native"},{"code":"PT","country":"Portugal","presence":"Extant","origin":"Native","distribution_code":"Native"},{"code":"RO","country":"Romania","presence":"Extant","origin":"Native","distribution_code":"Native"},{"code":"RS","country":"Serbia","presence":"Extant","origin":"Native","distribution_code":"Native"},{"code":"RU","country":"Russian
        Federation","presence":"Extant","origin":"Native","distribution_code":"Native"},{"code":"SE","country":"Sweden","presence":"Extant","origin":"Native","distribution_code":"Native"},{"code":"SI","country":"Slovenia","presence":"Extant","origin":"Native","distribution_code":"Native"},{"code":"SK","country":"Slovakia","presence":"Extant","origin":"Native","distribution_code":"Native"},{"code":"SY","country":"Syrian
        Arab Republic","presence":"Extant","origin":"Native","distribution_code":"Native"},{"code":"TR","country":"Turkey","presence":"Extant","origin":"Native","distribution_code":"Native"},{"code":"UA","country":"Ukraine","presence":"Extant","origin":"Native","distribution_code":"Native"}]}'
  recorded_at: 2020-10-28 23:31:58 GMT
  recorded_with: vcr/0.5.4, webmockr/0.7.0
- request:
    method: get
    uri: http://apiv3.iucnredlist.org/api/v3/species/id/103761667?token=<<rredlist_api_token>>
    body:
      encoding: ''
      string: ''
    headers:
      User-Agent: r-curl/4.3 crul/1.0.0 rOpenSci(rredlist/0.6.0)
      Accept-Encoding: gzip, deflate
      Accept: application/json, text/xml, application/xml, */*
  response:
    status:
      status_code: '200'
      message: OK
      explanation: Request fulfilled, document follows
    headers:
      status: HTTP/1.1 200 OK
      server: nginx/1.14.0 (Ubuntu)
      date: Wed, 28 Oct 2020 23:31:51 GMT
      content-type: application/json; charset=utf-8
      content-length: '874'
      connection: keep-alive
      x-powered-by: Sails <sailsjs.org>
      etag: W/"36a-fM9l81TzZKj7ECGDSzHU4w"
      vary: Accept-Encoding
      set-cookie: sails.sid=s%3AcALWBKlnSu4ITZW-0amp_c566J8U-L5o.2%2BDqrlR2JIkOTLV3KjtCDBLoIEbEBxjC6uu7WjmTK%2BQ;
        Path=/; HttpOnly
    body:
      encoding: UTF-8
      file: no
      string: '{"name":"103761667","result":[{"taxonid":103761667,"scientific_name":"Cyanistes
        caeruleus","kingdom":"ANIMALIA","phylum":"CHORDATA","class":"AVES","order":"PASSERIFORMES","family":"PARIDAE","genus":"Cyanistes","main_common_name":"Eurasian
        Blue Tit","authority":"(Linnaeus, 1758)","published_year":2017,"assessment_date":"2016-10-01","category":"LC","criteria":null,"population_trend":"Increasing","marine_system":false,"freshwater_system":false,"terrestrial_system":true,"assessor":"BirdLife
        International","reviewer":"Butchart, S.H.M. & Symes, A.","aoo_km2":null,"eoo_km2":"16600000","elevation_upper":3500,"elevation_lower":null,"depth_upper":null,"depth_lower":null,"errata_flag":null,"errata_reason":null,"amended_flag":true,"amended_reason":"Map
        updated: Added gaps in S &amp; SE Spain (where very scarce). EOO updated.
        Edited Habitats and Ecology Information text."}]}'
  recorded_at: 2020-10-28 23:31:58 GMT
  recorded_with: vcr/0.5.4, webmockr/0.7.0
- request:
    method: get
    uri: http://apiv3.iucnredlist.org/api/v3/species/history/id/103761667?token=<<rredlist_api_token>>
    body:
      encoding: ''
      string: ''
    headers:
      User-Agent: r-curl/4.3 crul/1.0.0 rOpenSci(rredlist/0.6.0)
      Accept-Encoding: gzip, deflate
      Accept: application/json, text/xml, application/xml, */*
  response:
    status:
      status_code: '200'
      message: OK
      explanation: Request fulfilled, document follows
    headers:
      status: HTTP/1.1 200 OK
      server: nginx/1.14.0 (Ubuntu)
      date: Wed, 28 Oct 2020 23:31:51 GMT
      content-type: application/json; charset=utf-8
      content-length: '86'
      connection: keep-alive
      x-powered-by: Sails <sailsjs.org>
      etag: W/"56-Q8L5AAOsMHZPsyzMjGnbOA"
      vary: Accept-Encoding
      set-cookie: sails.sid=s%3Ag_BSX_VJLRSJK90rcoRNdc-9kM4grgq6.pszfvw%2BPUJT4inwQK2nRvapCL7eX5VAFPisuFV4t9JM;
        Path=/; HttpOnly
    body:
      encoding: UTF-8
      file: no
      string: '{"name":"103761667","result":[{"year":"2016","code":"LC","category":"Least
        Concern"}]}'
  recorded_at: 2020-10-28 23:31:58 GMT
  recorded_with: vcr/0.5.4, webmockr/0.7.0
- request:
    method: get
    uri: http://apiv3.iucnredlist.org/api/v3/species/countries/id/103761667?token=<<rredlist_api_token>>
    body:
      encoding: ''
      string: ''
    headers:
      User-Agent: r-curl/4.3 crul/1.0.0 rOpenSci(rredlist/0.6.0)
      Accept-Encoding: gzip, deflate
      Accept: application/json, text/xml, application/xml, */*
  response:
    status:
      status_code: '200'
      message: OK
      explanation: Request fulfilled, document follows
    headers:
      status: HTTP/1.1 200 OK
      server: nginx/1.14.0 (Ubuntu)
      date: Wed, 28 Oct 2020 23:31:53 GMT
      content-type: application/json; charset=utf-8
      transfer-encoding: chunked
      connection: keep-alive
      x-powered-by: Sails <sailsjs.org>
      etag: W/"14a3-dYhmhipJKyunnmZFN4JiLA"
      vary: Accept-Encoding
      content-encoding: gzip
      set-cookie: sails.sid=s%3AjcU83G7XDqg6lHzhTqz2PDyYF3u97aUe.XWmNUZ1VzlT3bm%2BcfRXXeOjju4DkboXney2lIl39a3c;
        Path=/; HttpOnly
    body:
      encoding: UTF-8
      file: no
      string: '{"name":"103761667","count":51,"result":[{"code":"AD","country":"Andorra","presence":"Extant","origin":"Native","distribution_code":"Native"},{"code":"AL","country":"Albania","presence":"Extant","origin":"Native","distribution_code":"Native"},{"code":"AM","country":"Armenia","presence":"Extant","origin":"Native","distribution_code":"Native"},{"code":"AT","country":"Austria","presence":"Extant","origin":"Native","distribution_code":"Native"},{"code":"AZ","country":"Azerbaijan","presence":"Extant","origin":"Native","distribution_code":"Native"},{"code":"BA","country":"Bosnia
        and Herzegovina","presence":"Extant","origin":"Native","distribution_code":"Native"},{"code":"BE","country":"Belgium","presence":"Extant","origin":"Native","distribution_code":"Native"},{"code":"BG","country":"Bulgaria","presence":"Extant","origin":"Native","distribution_code":"Native"},{"code":"BY","country":"Belarus","presence":"Extant","origin":"Native","distribution_code":"Native"},{"code":"CH","country":"Switzerland","presence":"Extant","origin":"Native","distribution_code":"Native"},{"code":"CZ","country":"Czechia","presence":"Extant","origin":"Native","distribution_code":"Native"},{"code":"DE","country":"Germany","presence":"Extant","origin":"Native","distribution_code":"Native"},{"code":"DK","country":"Denmark","presence":"Extant","origin":"Native","distribution_code":"Native"},{"code":"EE","country":"Estonia","presence":"Extant","origin":"Native","distribution_code":"Native"},{"code":"ES","country":"Spain","presence":"Extant","origin":"Native","distribution_code":"Native"},{"code":"FI","country":"Finland","presence":"Extant","origin":"Native","distribution_code":"Native"},{"code":"FR","country":"France","presence":"Extant","origin":"Native","distribution_code":"Native"},{"code":"GB","country":"United
        Kingdom","presence":"Extant","origin":"Native","distribution_code":"Native"},{"code":"GE","country":"Georgia","presence":"Extant","origin":"Native","distribution_code":"Native"},{"code":"GI","country":"Gibraltar","presence":"Extant","origin":"Native","distribution_code":"Native"},{"code":"GR","country":"Greece","presence":"Extant","origin":"Native","distribution_code":"Native"},{"code":"HR","country":"Croatia","presence":"Extant","origin":"Native","distribution_code":"Native"},{"code":"HU","country":"Hungary","presence":"Extant","origin":"Native","distribution_code":"Native"},{"code":"IE","country":"Ireland","presence":"Extant","origin":"Native","distribution_code":"Native"},{"code":"IQ","country":"Iraq","presence":"Extant","origin":"Native","distribution_code":"Native"},{"code":"IR","country":"Iran,
        Islamic Republic of","presence":"Extant","origin":"Native","distribution_code":"Native"},{"code":"IT","country":"Italy","presence":"Extant","origin":"Native","distribution_code":"Native"},{"code":"JO","country":"Jordan","presence":"Extant","origin":"Native","distribution_code":"Native"},{"code":"KZ","country":"Kazakhstan","presence":"Extant","origin":"Native","distribution_code":"Native"},{"code":"LB","country":"Lebanon","presence":"Extant","origin":"Native","distribution_code":"Native"},{"code":"LI","country":"Liechtenstein","presence":"Extant","origin":"Native","distribution_code":"Native"},{"code":"LT","country":"Lithuania","presence":"Extant","origin":"Native","distribution_code":"Native"},{"code":"LU","country":"Luxembourg","presence":"Extant","origin":"Native","distribution_code":"Native"},{"code":"LV","country":"Latvia","presence":"Extant","origin":"Native","distribution_code":"Native"},{"code":"MD","country":"Moldova","presence":"Extant","origin":"Native","distribution_code":"Native"},{"code":"ME","country":"Montenegro","presence":"Extant","origin":"Native","distribution_code":"Native"},{"code":"MK","country":"North
        Macedonia","presence":"Extant","origin":"Native","distribution_code":"Native"},{"code":"MT","country":"Malta","presence":"Extant","origin":"Vagrant","distribution_code":"Vagrant"},{"code":"NL","country":"Netherlands","presence":"Extant","origin":"Native","distribution_code":"Native"},{"code":"NO","country":"Norway","presence":"Extant","origin":"Native","distribution_code":"Native"},{"code":"PL","country":"Poland","presence":"Extant","origin":"Native","distribution_code":"Native"},{"code":"PT","country":"Portugal","presence":"Extant","origin":"Native","distribution_code":"Native"},{"code":"RO","country":"Romania","presence":"Extant","origin":"Native","distribution_code":"Native"},{"code":"RS","country":"Serbia","presence":"Extant","origin":"Native","distribution_code":"Native"},{"code":"RU","country":"Russian
        Federation","presence":"Extant","origin":"Native","distribution_code":"Native"},{"code":"SE","country":"Sweden","presence":"Extant","origin":"Native","distribution_code":"Native"},{"code":"SI","country":"Slovenia","presence":"Extant","origin":"Native","distribution_code":"Native"},{"code":"SK","country":"Slovakia","presence":"Extant","origin":"Native","distribution_code":"Native"},{"code":"SY","country":"Syrian
        Arab Republic","presence":"Extant","origin":"Native","distribution_code":"Native"},{"code":"TR","country":"Turkey","presence":"Extant","origin":"Native","distribution_code":"Native"},{"code":"UA","country":"Ukraine","presence":"Extant","origin":"Native","distribution_code":"Native"}]}'
  recorded_at: 2020-10-28 23:31:58 GMT
  recorded_with: vcr/0.5.4, webmockr/0.7.0
- request:
    method: get
    uri: http://apiv3.iucnredlist.org/api/v3/species/id/103761667?token=<<rredlist_api_token>>
    body:
      encoding: ''
      string: ''
    headers:
      User-Agent: r-curl/4.3 crul/1.0.0 rOpenSci(rredlist/0.6.0)
      Accept-Encoding: gzip, deflate
      Accept: application/json, text/xml, application/xml, */*
  response:
    status:
      status_code: '200'
      message: OK
      explanation: Request fulfilled, document follows
    headers:
      status: HTTP/1.1 200 OK
      server: nginx/1.14.0 (Ubuntu)
      date: Wed, 28 Oct 2020 23:31:54 GMT
      content-type: application/json; charset=utf-8
      content-length: '874'
      connection: keep-alive
      x-powered-by: Sails <sailsjs.org>
      etag: W/"36a-fM9l81TzZKj7ECGDSzHU4w"
      vary: Accept-Encoding
      set-cookie: sails.sid=s%3AB4YTJhqElTIaJf0TYv6Li3AmYmtBY1G1.THn2O3Fu2NbTcpGKYXkW7gGDeLS7VkPSBYmWeQg21sQ;
        Path=/; HttpOnly
    body:
      encoding: UTF-8
      file: no
      string: '{"name":"103761667","result":[{"taxonid":103761667,"scientific_name":"Cyanistes
        caeruleus","kingdom":"ANIMALIA","phylum":"CHORDATA","class":"AVES","order":"PASSERIFORMES","family":"PARIDAE","genus":"Cyanistes","main_common_name":"Eurasian
        Blue Tit","authority":"(Linnaeus, 1758)","published_year":2017,"assessment_date":"2016-10-01","category":"LC","criteria":null,"population_trend":"Increasing","marine_system":false,"freshwater_system":false,"terrestrial_system":true,"assessor":"BirdLife
        International","reviewer":"Butchart, S.H.M. & Symes, A.","aoo_km2":null,"eoo_km2":"16600000","elevation_upper":3500,"elevation_lower":null,"depth_upper":null,"depth_lower":null,"errata_flag":null,"errata_reason":null,"amended_flag":true,"amended_reason":"Map
        updated: Added gaps in S &amp; SE Spain (where very scarce). EOO updated.
        Edited Habitats and Ecology Information text."}]}'
  recorded_at: 2020-10-28 23:31:58 GMT
  recorded_with: vcr/0.5.4, webmockr/0.7.0
- request:
    method: get
    uri: http://apiv3.iucnredlist.org/api/v3/species/history/id/103761667?token=<<rredlist_api_token>>
    body:
      encoding: ''
      string: ''
    headers:
      User-Agent: r-curl/4.3 crul/1.0.0 rOpenSci(rredlist/0.6.0)
      Accept-Encoding: gzip, deflate
      Accept: application/json, text/xml, application/xml, */*
  response:
    status:
      status_code: '200'
      message: OK
      explanation: Request fulfilled, document follows
    headers:
      status: HTTP/1.1 200 OK
      server: nginx/1.14.0 (Ubuntu)
      date: Wed, 28 Oct 2020 23:31:55 GMT
      content-type: application/json; charset=utf-8
      content-length: '86'
      connection: keep-alive
      x-powered-by: Sails <sailsjs.org>
      etag: W/"56-Q8L5AAOsMHZPsyzMjGnbOA"
      vary: Accept-Encoding
      set-cookie: sails.sid=s%3ALko8dlD1Yi8ohmTSaRLomvZkppR6Sat7.7teocgYnDy0Xghm7iPXqUDeXsO3Sn5DSE3tTmmx%2BhJA;
        Path=/; HttpOnly
    body:
      encoding: UTF-8
      file: no
      string: '{"name":"103761667","result":[{"year":"2016","code":"LC","category":"Least
        Concern"}]}'
  recorded_at: 2020-10-28 23:31:58 GMT
  recorded_with: vcr/0.5.4, webmockr/0.7.0
- request:
    method: get
    uri: http://apiv3.iucnredlist.org/api/v3/species/countries/id/103761667?token=<<rredlist_api_token>>
    body:
      encoding: ''
      string: ''
    headers:
      User-Agent: r-curl/4.3 crul/1.0.0 rOpenSci(rredlist/0.6.0)
      Accept-Encoding: gzip, deflate
      Accept: application/json, text/xml, application/xml, */*
  response:
    status:
      status_code: '200'
      message: OK
      explanation: Request fulfilled, document follows
    headers:
      status: HTTP/1.1 200 OK
      server: nginx/1.14.0 (Ubuntu)
      date: Wed, 28 Oct 2020 23:31:55 GMT
      content-type: application/json; charset=utf-8
      transfer-encoding: chunked
      connection: keep-alive
      x-powered-by: Sails <sailsjs.org>
      etag: W/"14a3-dYhmhipJKyunnmZFN4JiLA"
      vary: Accept-Encoding
      content-encoding: gzip
      set-cookie: sails.sid=s%3AgOp8J7hsX-TBvD2CoqYJH4T_mBpfQlW3.8txjHxjVu1r44YBeL1y54VrlrORmBLYJOZgRs0JTnMw;
        Path=/; HttpOnly
    body:
      encoding: UTF-8
      file: no
      string: '{"name":"103761667","count":51,"result":[{"code":"AD","country":"Andorra","presence":"Extant","origin":"Native","distribution_code":"Native"},{"code":"AL","country":"Albania","presence":"Extant","origin":"Native","distribution_code":"Native"},{"code":"AM","country":"Armenia","presence":"Extant","origin":"Native","distribution_code":"Native"},{"code":"AT","country":"Austria","presence":"Extant","origin":"Native","distribution_code":"Native"},{"code":"AZ","country":"Azerbaijan","presence":"Extant","origin":"Native","distribution_code":"Native"},{"code":"BA","country":"Bosnia
        and Herzegovina","presence":"Extant","origin":"Native","distribution_code":"Native"},{"code":"BE","country":"Belgium","presence":"Extant","origin":"Native","distribution_code":"Native"},{"code":"BG","country":"Bulgaria","presence":"Extant","origin":"Native","distribution_code":"Native"},{"code":"BY","country":"Belarus","presence":"Extant","origin":"Native","distribution_code":"Native"},{"code":"CH","country":"Switzerland","presence":"Extant","origin":"Native","distribution_code":"Native"},{"code":"CZ","country":"Czechia","presence":"Extant","origin":"Native","distribution_code":"Native"},{"code":"DE","country":"Germany","presence":"Extant","origin":"Native","distribution_code":"Native"},{"code":"DK","country":"Denmark","presence":"Extant","origin":"Native","distribution_code":"Native"},{"code":"EE","country":"Estonia","presence":"Extant","origin":"Native","distribution_code":"Native"},{"code":"ES","country":"Spain","presence":"Extant","origin":"Native","distribution_code":"Native"},{"code":"FI","country":"Finland","presence":"Extant","origin":"Native","distribution_code":"Native"},{"code":"FR","country":"France","presence":"Extant","origin":"Native","distribution_code":"Native"},{"code":"GB","country":"United
        Kingdom","presence":"Extant","origin":"Native","distribution_code":"Native"},{"code":"GE","country":"Georgia","presence":"Extant","origin":"Native","distribution_code":"Native"},{"code":"GI","country":"Gibraltar","presence":"Extant","origin":"Native","distribution_code":"Native"},{"code":"GR","country":"Greece","presence":"Extant","origin":"Native","distribution_code":"Native"},{"code":"HR","country":"Croatia","presence":"Extant","origin":"Native","distribution_code":"Native"},{"code":"HU","country":"Hungary","presence":"Extant","origin":"Native","distribution_code":"Native"},{"code":"IE","country":"Ireland","presence":"Extant","origin":"Native","distribution_code":"Native"},{"code":"IQ","country":"Iraq","presence":"Extant","origin":"Native","distribution_code":"Native"},{"code":"IR","country":"Iran,
        Islamic Republic of","presence":"Extant","origin":"Native","distribution_code":"Native"},{"code":"IT","country":"Italy","presence":"Extant","origin":"Native","distribution_code":"Native"},{"code":"JO","country":"Jordan","presence":"Extant","origin":"Native","distribution_code":"Native"},{"code":"KZ","country":"Kazakhstan","presence":"Extant","origin":"Native","distribution_code":"Native"},{"code":"LB","country":"Lebanon","presence":"Extant","origin":"Native","distribution_code":"Native"},{"code":"LI","country":"Liechtenstein","presence":"Extant","origin":"Native","distribution_code":"Native"},{"code":"LT","country":"Lithuania","presence":"Extant","origin":"Native","distribution_code":"Native"},{"code":"LU","country":"Luxembourg","presence":"Extant","origin":"Native","distribution_code":"Native"},{"code":"LV","country":"Latvia","presence":"Extant","origin":"Native","distribution_code":"Native"},{"code":"MD","country":"Moldova","presence":"Extant","origin":"Native","distribution_code":"Native"},{"code":"ME","country":"Montenegro","presence":"Extant","origin":"Native","distribution_code":"Native"},{"code":"MK","country":"North
        Macedonia","presence":"Extant","origin":"Native","distribution_code":"Native"},{"code":"MT","country":"Malta","presence":"Extant","origin":"Vagrant","distribution_code":"Vagrant"},{"code":"NL","country":"Netherlands","presence":"Extant","origin":"Native","distribution_code":"Native"},{"code":"NO","country":"Norway","presence":"Extant","origin":"Native","distribution_code":"Native"},{"code":"PL","country":"Poland","presence":"Extant","origin":"Native","distribution_code":"Native"},{"code":"PT","country":"Portugal","presence":"Extant","origin":"Native","distribution_code":"Native"},{"code":"RO","country":"Romania","presence":"Extant","origin":"Native","distribution_code":"Native"},{"code":"RS","country":"Serbia","presence":"Extant","origin":"Native","distribution_code":"Native"},{"code":"RU","country":"Russian
        Federation","presence":"Extant","origin":"Native","distribution_code":"Native"},{"code":"SE","country":"Sweden","presence":"Extant","origin":"Native","distribution_code":"Native"},{"code":"SI","country":"Slovenia","presence":"Extant","origin":"Native","distribution_code":"Native"},{"code":"SK","country":"Slovakia","presence":"Extant","origin":"Native","distribution_code":"Native"},{"code":"SY","country":"Syrian
        Arab Republic","presence":"Extant","origin":"Native","distribution_code":"Native"},{"code":"TR","country":"Turkey","presence":"Extant","origin":"Native","distribution_code":"Native"},{"code":"UA","country":"Ukraine","presence":"Extant","origin":"Native","distribution_code":"Native"}]}'
  recorded_at: 2020-10-28 23:31:58 GMT
  recorded_with: vcr/0.5.4, webmockr/0.7.0
- request:
    method: get
    uri: http://apiv3.iucnredlist.org/api/v3/species/id/103761667?token=<<rredlist_api_token>>
    body:
      encoding: ''
      string: ''
    headers:
      User-Agent: r-curl/4.3 crul/1.0.0 rOpenSci(rredlist/0.6.0)
      Accept-Encoding: gzip, deflate
      Accept: application/json, text/xml, application/xml, */*
  response:
    status:
      status_code: '200'
      message: OK
      explanation: Request fulfilled, document follows
    headers:
      status: HTTP/1.1 200 OK
      server: nginx/1.14.0 (Ubuntu)
      date: Wed, 28 Oct 2020 23:31:56 GMT
      content-type: application/json; charset=utf-8
      content-length: '874'
      connection: keep-alive
      x-powered-by: Sails <sailsjs.org>
      etag: W/"36a-fM9l81TzZKj7ECGDSzHU4w"
      vary: Accept-Encoding
      set-cookie: sails.sid=s%3A5McnyhU3uiViavLqwG1Dg3XxCeajrZFE.2LogD62AaCwpTsY2cmHxoBK6tTM81hqVq4vGZ6T6cM4;
        Path=/; HttpOnly
    body:
      encoding: UTF-8
      file: no
      string: '{"name":"103761667","result":[{"taxonid":103761667,"scientific_name":"Cyanistes
        caeruleus","kingdom":"ANIMALIA","phylum":"CHORDATA","class":"AVES","order":"PASSERIFORMES","family":"PARIDAE","genus":"Cyanistes","main_common_name":"Eurasian
        Blue Tit","authority":"(Linnaeus, 1758)","published_year":2017,"assessment_date":"2016-10-01","category":"LC","criteria":null,"population_trend":"Increasing","marine_system":false,"freshwater_system":false,"terrestrial_system":true,"assessor":"BirdLife
        International","reviewer":"Butchart, S.H.M. & Symes, A.","aoo_km2":null,"eoo_km2":"16600000","elevation_upper":3500,"elevation_lower":null,"depth_upper":null,"depth_lower":null,"errata_flag":null,"errata_reason":null,"amended_flag":true,"amended_reason":"Map
        updated: Added gaps in S &amp; SE Spain (where very scarce). EOO updated.
        Edited Habitats and Ecology Information text."}]}'
  recorded_at: 2020-10-28 23:31:58 GMT
  recorded_with: vcr/0.5.4, webmockr/0.7.0
- request:
    method: get
    uri: http://apiv3.iucnredlist.org/api/v3/species/history/id/103761667?token=<<rredlist_api_token>>
    body:
      encoding: ''
      string: ''
    headers:
      User-Agent: r-curl/4.3 crul/1.0.0 rOpenSci(rredlist/0.6.0)
      Accept-Encoding: gzip, deflate
      Accept: application/json, text/xml, application/xml, */*
  response:
    status:
      status_code: '200'
      message: OK
      explanation: Request fulfilled, document follows
    headers:
      status: HTTP/1.1 200 OK
      server: nginx/1.14.0 (Ubuntu)
      date: Wed, 28 Oct 2020 23:31:57 GMT
      content-type: application/json; charset=utf-8
      content-length: '86'
      connection: keep-alive
      x-powered-by: Sails <sailsjs.org>
      etag: W/"56-Q8L5AAOsMHZPsyzMjGnbOA"
      vary: Accept-Encoding
      set-cookie: sails.sid=s%3AXZ_iV-SFSxdZiA-A1nfGOGJ94P2NBRZN.C1No4s%2BqLXnwntG9qrgnSIlyKR4HzC%2FiXW2%2FXoMwgd0;
        Path=/; HttpOnly
    body:
      encoding: UTF-8
      file: no
      string: '{"name":"103761667","result":[{"year":"2016","code":"LC","category":"Least
        Concern"}]}'
  recorded_at: 2020-10-28 23:31:58 GMT
  recorded_with: vcr/0.5.4, webmockr/0.7.0
- request:
    method: get
    uri: http://apiv3.iucnredlist.org/api/v3/species/countries/id/103761667?token=<<rredlist_api_token>>
    body:
      encoding: ''
      string: ''
    headers:
      User-Agent: r-curl/4.3 crul/1.0.0 rOpenSci(rredlist/0.6.0)
      Accept-Encoding: gzip, deflate
      Accept: application/json, text/xml, application/xml, */*
  response:
    status:
      status_code: '200'
      message: OK
      explanation: Request fulfilled, document follows
    headers:
      status: HTTP/1.1 200 OK
      server: nginx/1.14.0 (Ubuntu)
      date: Wed, 28 Oct 2020 23:31:57 GMT
      content-type: application/json; charset=utf-8
      transfer-encoding: chunked
      connection: keep-alive
      x-powered-by: Sails <sailsjs.org>
      etag: W/"14a3-dYhmhipJKyunnmZFN4JiLA"
      vary: Accept-Encoding
      content-encoding: gzip
      set-cookie: sails.sid=s%3AtvcD-GT5NzBfhz4K5tqgctGtcUeD2Sbg.ce4mNzNEMsuSCBQW7xSfIN%2Bep3WEG9Jjen2vV3d9v20;
        Path=/; HttpOnly
    body:
      encoding: UTF-8
      file: no
      string: '{"name":"103761667","count":51,"result":[{"code":"AD","country":"Andorra","presence":"Extant","origin":"Native","distribution_code":"Native"},{"code":"AL","country":"Albania","presence":"Extant","origin":"Native","distribution_code":"Native"},{"code":"AM","country":"Armenia","presence":"Extant","origin":"Native","distribution_code":"Native"},{"code":"AT","country":"Austria","presence":"Extant","origin":"Native","distribution_code":"Native"},{"code":"AZ","country":"Azerbaijan","presence":"Extant","origin":"Native","distribution_code":"Native"},{"code":"BA","country":"Bosnia
        and Herzegovina","presence":"Extant","origin":"Native","distribution_code":"Native"},{"code":"BE","country":"Belgium","presence":"Extant","origin":"Native","distribution_code":"Native"},{"code":"BG","country":"Bulgaria","presence":"Extant","origin":"Native","distribution_code":"Native"},{"code":"BY","country":"Belarus","presence":"Extant","origin":"Native","distribution_code":"Native"},{"code":"CH","country":"Switzerland","presence":"Extant","origin":"Native","distribution_code":"Native"},{"code":"CZ","country":"Czechia","presence":"Extant","origin":"Native","distribution_code":"Native"},{"code":"DE","country":"Germany","presence":"Extant","origin":"Native","distribution_code":"Native"},{"code":"DK","country":"Denmark","presence":"Extant","origin":"Native","distribution_code":"Native"},{"code":"EE","country":"Estonia","presence":"Extant","origin":"Native","distribution_code":"Native"},{"code":"ES","country":"Spain","presence":"Extant","origin":"Native","distribution_code":"Native"},{"code":"FI","country":"Finland","presence":"Extant","origin":"Native","distribution_code":"Native"},{"code":"FR","country":"France","presence":"Extant","origin":"Native","distribution_code":"Native"},{"code":"GB","country":"United
        Kingdom","presence":"Extant","origin":"Native","distribution_code":"Native"},{"code":"GE","country":"Georgia","presence":"Extant","origin":"Native","distribution_code":"Native"},{"code":"GI","country":"Gibraltar","presence":"Extant","origin":"Native","distribution_code":"Native"},{"code":"GR","country":"Greece","presence":"Extant","origin":"Native","distribution_code":"Native"},{"code":"HR","country":"Croatia","presence":"Extant","origin":"Native","distribution_code":"Native"},{"code":"HU","country":"Hungary","presence":"Extant","origin":"Native","distribution_code":"Native"},{"code":"IE","country":"Ireland","presence":"Extant","origin":"Native","distribution_code":"Native"},{"code":"IQ","country":"Iraq","presence":"Extant","origin":"Native","distribution_code":"Native"},{"code":"IR","country":"Iran,
        Islamic Republic of","presence":"Extant","origin":"Native","distribution_code":"Native"},{"code":"IT","country":"Italy","presence":"Extant","origin":"Native","distribution_code":"Native"},{"code":"JO","country":"Jordan","presence":"Extant","origin":"Native","distribution_code":"Native"},{"code":"KZ","country":"Kazakhstan","presence":"Extant","origin":"Native","distribution_code":"Native"},{"code":"LB","country":"Lebanon","presence":"Extant","origin":"Native","distribution_code":"Native"},{"code":"LI","country":"Liechtenstein","presence":"Extant","origin":"Native","distribution_code":"Native"},{"code":"LT","country":"Lithuania","presence":"Extant","origin":"Native","distribution_code":"Native"},{"code":"LU","country":"Luxembourg","presence":"Extant","origin":"Native","distribution_code":"Native"},{"code":"LV","country":"Latvia","presence":"Extant","origin":"Native","distribution_code":"Native"},{"code":"MD","country":"Moldova","presence":"Extant","origin":"Native","distribution_code":"Native"},{"code":"ME","country":"Montenegro","presence":"Extant","origin":"Native","distribution_code":"Native"},{"code":"MK","country":"North
        Macedonia","presence":"Extant","origin":"Native","distribution_code":"Native"},{"code":"MT","country":"Malta","presence":"Extant","origin":"Vagrant","distribution_code":"Vagrant"},{"code":"NL","country":"Netherlands","presence":"Extant","origin":"Native","distribution_code":"Native"},{"code":"NO","country":"Norway","presence":"Extant","origin":"Native","distribution_code":"Native"},{"code":"PL","country":"Poland","presence":"Extant","origin":"Native","distribution_code":"Native"},{"code":"PT","country":"Portugal","presence":"Extant","origin":"Native","distribution_code":"Native"},{"code":"RO","country":"Romania","presence":"Extant","origin":"Native","distribution_code":"Native"},{"code":"RS","country":"Serbia","presence":"Extant","origin":"Native","distribution_code":"Native"},{"code":"RU","country":"Russian
        Federation","presence":"Extant","origin":"Native","distribution_code":"Native"},{"code":"SE","country":"Sweden","presence":"Extant","origin":"Native","distribution_code":"Native"},{"code":"SI","country":"Slovenia","presence":"Extant","origin":"Native","distribution_code":"Native"},{"code":"SK","country":"Slovakia","presence":"Extant","origin":"Native","distribution_code":"Native"},{"code":"SY","country":"Syrian
        Arab Republic","presence":"Extant","origin":"Native","distribution_code":"Native"},{"code":"TR","country":"Turkey","presence":"Extant","origin":"Native","distribution_code":"Native"},{"code":"UA","country":"Ukraine","presence":"Extant","origin":"Native","distribution_code":"Native"}]}'
  recorded_at: 2020-10-28 23:31:58 GMT
  recorded_with: vcr/0.5.4, webmockr/0.7.0
